// Jest Snapshot v1, https://goo.gl/fbAQLP

exports[`cosmos LCDClient 1`] = `
"export class LCDQueryClient extends LCDClient {
  constructor({
    restEndpoint
  }) {
    super({
      restEndpoint
    });
  }

  /* Balance queries the balance of a single coin for a single account. */
  async balance(params: QueryBalanceRequest): Promise<QueryBalanceResponse> {
    const options: any = {
      params: {}
    };

    if (typeof params?.denom !== \\"undefined\\") {
      options.params.denom = params.denom;
    }

    const endpoint = \`cosmos/bank/v1beta1/balances/\${params.address}/by_denom\`;
    return await this.request(endpoint, options);
  }

  /* AllBalances queries the balance of all coins for a single account. */
  async allBalances(params: QueryAllBalancesRequest): Promise<QueryAllBalancesResponse> {
    const options: any = {
      params: {}
    };

    if (typeof params?.pagination !== \\"undefined\\") {
      options.params.pagination = params.pagination;
    }

    const endpoint = \`cosmos/bank/v1beta1/balances/\${params.address}\`;
    return await this.request(endpoint, options);
  }

  /* SpendableBalances queries the spenable balance of all coins for a single
  account. */
  async spendableBalances(params: QuerySpendableBalancesRequest): Promise<QuerySpendableBalancesResponse> {
    const options: any = {
      params: {}
    };

    if (typeof params?.pagination !== \\"undefined\\") {
      options.params.pagination = params.pagination;
    }

    const endpoint = \`cosmos/bank/v1beta1/spendable_balances/\${params.address}\`;
    return await this.request(endpoint, options);
  }

  /* TotalSupply queries the total supply of all coins. */
  async totalSupply(params: QueryTotalSupplyRequest): Promise<QueryTotalSupplyResponse> {
    const options: any = {
      params: {}
    };

    if (typeof params?.pagination !== \\"undefined\\") {
      options.params.pagination = params.pagination;
    }

    const endpoint = \`cosmos/bank/v1beta1/supply\`;
    return await this.request(endpoint, options);
  }

  /* SupplyOf queries the supply of a single coin. */
  async supplyOf(params: QuerySupplyOfRequest): Promise<QuerySupplyOfResponse> {
    const options: any = {
      params: {}
    };

    if (typeof params?.denom !== \\"undefined\\") {
      options.params.denom = params.denom;
    }

    const endpoint = \`cosmos/bank/v1beta1/supply/by_denom\`;
    return await this.request(endpoint, options);
  }

  /* Params queries the parameters of x/bank module. */
  async params(params: QueryParamsRequest): Promise<QueryParamsResponse> {
    const endpoint = \`cosmos/bank/v1beta1/params\`;
    return await this.request(endpoint);
  }

  /* DenomsMetadata queries the client metadata of a given coin denomination. */
  async denomMetadata(params: QueryDenomMetadataRequest): Promise<QueryDenomMetadataResponse> {
    const endpoint = \`cosmos/bank/v1beta1/denoms_metadata/\${params.denom}\`;
    return await this.request(endpoint);
  }

  /* DenomsMetadata queries the client metadata for all registered coin
  denominations. */
  async denomsMetadata(params: QueryDenomsMetadataRequest): Promise<QueryDenomsMetadataResponse> {
    const options: any = {
      params: {}
    };

    if (typeof params?.pagination !== \\"undefined\\") {
      options.params.pagination = params.pagination;
    }

    const endpoint = \`cosmos/bank/v1beta1/denoms_metadata\`;
    return await this.request(endpoint, options);
  }

  /* DenomOwners queries for all account addresses that own a particular token
  denomination. */
  async denomOwners(params: QueryDenomOwnersRequest): Promise<QueryDenomOwnersResponse> {
    const options: any = {
      params: {}
    };

    if (typeof params?.pagination !== \\"undefined\\") {
      options.params.pagination = params.pagination;
    }

    const endpoint = \`cosmos/bank/v1beta1/denom_owners/\${params.denom}\`;
    return await this.request(endpoint, options);
  }

}"
`;

exports[`cosmos fee LCDClient 1`] = `
"export class LCDQueryClient extends LCDClient {
  constructor({
    restEndpoint
  }) {
    super({
      restEndpoint
    });
  }

  /* Allowance returns fee granted to the grantee by the granter. */
  async allowance(params: QueryAllowanceRequest): Promise<QueryAllowanceResponse> {
    const endpoint = \`cosmos/feegrant/v1beta1/allowance/\${params.granter}/\${params.grantee}\`;
    return await this.request(endpoint);
  }

  /* Allowances returns all the grants for address. */
  async allowances(params: QueryAllowancesRequest): Promise<QueryAllowancesResponse> {
    const options: any = {
      params: {}
    };

    if (typeof params?.pagination !== \\"undefined\\") {
      options.params.pagination = params.pagination;
    }

    const endpoint = \`cosmos/feegrant/v1beta1/allowances/\${params.grantee}\`;
    return await this.request(endpoint, options);
  }

  /* AllowancesByGranter returns all the grants given by an address
  Since v0.46 */
  async allowancesByGranter(params: QueryAllowancesByGranterRequest): Promise<QueryAllowancesByGranterResponse> {
    const options: any = {
      params: {}
    };

    if (typeof params?.pagination !== \\"undefined\\") {
      options.params.pagination = params.pagination;
    }

    const endpoint = \`cosmos/feegrant/v1beta1/issued/\${params.granter}\`;
    return await this.request(endpoint, options);
  }

}"
`;

exports[`cosmos/app/v1alpha1/query.proto 1`] = `""`;

exports[`osmosis LCDClient 1`] = `
"export class LCDQueryClient extends LCDClient {
  constructor({
    restEndpoint
  }) {
    super({
      restEndpoint
    });
  }

  /* Pools */
  async pools(params: QueryPoolsRequest): Promise<QueryPoolsResponse> {
    const options: any = {
      params: {}
    };

    if (typeof params?.pagination !== \\"undefined\\") {
      options.params.pagination = params.pagination;
    }

    const endpoint = \`osmosis/gamm/v1beta1/pools\`;
    return await this.request(endpoint, options);
  }

  /* NumPools */
  async numPools(params: QueryNumPoolsRequest): Promise<QueryNumPoolsResponse> {
    const endpoint = \`osmosis/gamm/v1beta1/num_pools\`;
    return await this.request(endpoint);
  }

  /* TotalLiquidity */
  async totalLiquidity(params: QueryTotalLiquidityRequest): Promise<QueryTotalLiquidityResponse> {
    const endpoint = \`osmosis/gamm/v1beta1/total_liquidity\`;
    return await this.request(endpoint);
  }

  /* Per Pool gRPC Endpoints */
  async pool(params: QueryPoolRequest): Promise<QueryPoolResponse> {
    const endpoint = \`osmosis/gamm/v1beta1/pools/\${params.poolId}\`;
    return await this.request(endpoint);
  }

  /* PoolParams */
  async poolParams(params: QueryPoolParamsRequest): Promise<QueryPoolParamsResponse> {
    const endpoint = \`osmosis/gamm/v1beta1/pools/\${params.poolId}/params\`;
    return await this.request(endpoint);
  }

  /* TotalPoolLiquidity */
  async totalPoolLiquidity(params: QueryTotalPoolLiquidityRequest): Promise<QueryTotalPoolLiquidityResponse> {
    const endpoint = \`osmosis/gamm/v1beta1/pools/\${params.poolId}/total_pool_liquidity\`;
    return await this.request(endpoint);
  }

  /* TotalShares */
  async totalShares(params: QueryTotalSharesRequest): Promise<QueryTotalSharesResponse> {
    const endpoint = \`osmosis/gamm/v1beta1/pools/\${params.poolId}/total_shares\`;
    return await this.request(endpoint);
  }

  /* SpotPrice defines a gRPC query handler that returns the spot price given
  a base denomination and a quote denomination. */
  async spotPrice(params: QuerySpotPriceRequest): Promise<QuerySpotPriceResponse> {
    const options: any = {
      params: {}
    };

    if (typeof params?.baseAssetDenom !== \\"undefined\\") {
      options.params.base_asset_denom = params.baseAssetDenom;
    }

    if (typeof params?.quoteAssetDenom !== \\"undefined\\") {
      options.params.quote_asset_denom = params.quoteAssetDenom;
    }

    const endpoint = \`osmosis/gamm/v1beta1/pools/\${params.poolId}/prices\`;
    return await this.request(endpoint, options);
  }

  /* Estimate the swap. */
  async estimateSwapExactAmountIn(params: QuerySwapExactAmountInRequest): Promise<QuerySwapExactAmountInResponse> {
    const options: any = {
      params: {}
    };

    if (typeof params?.sender !== \\"undefined\\") {
      options.params.sender = params.sender;
    }

    if (typeof params?.tokenIn !== \\"undefined\\") {
      options.params.token_in = params.tokenIn;
    }

    if (typeof params?.routes !== \\"undefined\\") {
      options.params.routes = params.routes;
    }

    const endpoint = \`osmosis/gamm/v1beta1/\${params.poolId}/estimate/swap_exact_amount_in\`;
    return await this.request(endpoint, options);
  }

  /* EstimateSwapExactAmountOut */
  async estimateSwapExactAmountOut(params: QuerySwapExactAmountOutRequest): Promise<QuerySwapExactAmountOutResponse> {
    const options: any = {
      params: {}
    };

    if (typeof params?.sender !== \\"undefined\\") {
      options.params.sender = params.sender;
    }

    if (typeof params?.routes !== \\"undefined\\") {
      options.params.routes = params.routes;
    }

    if (typeof params?.tokenOut !== \\"undefined\\") {
      options.params.token_out = params.tokenOut;
    }

    const endpoint = \`osmosis/gamm/v1beta1/\${params.poolId}/estimate/swap_exact_amount_out\`;
    return await this.request(endpoint, options);
  }

}"
`;

exports[`service info template 1`] = `
Object {
  "atEnd": false,
  "strs": Array [
    "osmosis/",
    "/v1beta1/estimate/swap_exact_amount_in",
  ],
}
`;

exports[`service info template 2`] = `
Object {
  "atEnd": false,
  "strs": Array [
    "osmosis/",
    "/v1beta1/",
    "/swap_exact_amount_in",
  ],
}
`;

exports[`service info template 3`] = `
Object {
  "atEnd": true,
  "strs": Array [
    "osmosis/",
    "/",
    "/",
    "/",
  ],
}
`;

exports[`service info template 4`] = `
Object {
  "atEnd": true,
  "strs": Array [
    "osmosis/gamm/v1beta1/estimate/",
  ],
}
`;

exports[`service info template 5`] = `
Object {
  "atEnd": true,
  "strs": Array [
    "cosmos/feegrant/v1beta1/allowance/",
    "/",
  ],
}
`;

exports[`template tags 1`] = `"\`/\${params.cosmos}/feegrant/v1beta1/\${params.allowance}/\${params.granter}/\${params.grantee}\`"`;
