// Jest Snapshot v1, https://goo.gl/fbAQLP

exports[`createStargateClient 1`] = `
"export const getSigningOsmosisClient = async ({
  rpcEndpoint,
  signer,
  defaultTypes = defaultRegistryTypes
}: {
  rpcEndpoint: string;
  signer: OfflineSigner;
  defaultTypes?: ReadonlyArray<[string, GeneratedType]>;
}) => {
  const registry = new Registry([...defaultTypes, ...osmosis.gamm.v1beta1.registry, ...osmosis.superfluid.v1beta1.registry, ...osmosis.lockup.registry]);
  const aminoTypes = new AminoTypes({ ...osmosis.gamm.v1beta1.AminoConverter,
    ...osmosis.superfluid.v1beta1.AminoConverter,
    ...osmosis.lockup.AminoConverter
  });
  const client = await SigningStargateClient.connectWithSigner(rpcEndpoint, signer, {
    registry,
    aminoTypes
  });
  return client;
};"
`;

exports[`createStargateClient 2`] = `
Object {
  "AminoTypes": true,
  "GeneratedType": true,
  "OfflineSigner": true,
  "ReadonlyArray": true,
  "Registry": true,
  "SigningStargateClient": true,
  "defaultRegistryTypes": true,
}
`;

exports[`createStargateClient w/o defaults 1`] = `
"export const getSigningOsmosisClient = async ({
  rpcEndpoint,
  signer
}: {
  rpcEndpoint: string;
  signer: OfflineSigner;
}) => {
  const registry = new Registry([...osmosis.gamm.v1beta1.registry, ...osmosis.superfluid.v1beta1.registry, ...osmosis.lockup.registry]);
  const aminoTypes = new AminoTypes({ ...osmosis.gamm.v1beta1.AminoConverter,
    ...osmosis.superfluid.v1beta1.AminoConverter,
    ...osmosis.lockup.AminoConverter
  });
  const client = await SigningStargateClient.connectWithSigner(rpcEndpoint, signer, {
    registry,
    aminoTypes
  });
  return client;
};"
`;

exports[`createStargateClient w/o defaults 2`] = `
Object {
  "AminoTypes": true,
  "GeneratedType": true,
  "OfflineSigner": true,
  "ReadonlyArray": true,
  "Registry": true,
  "SigningStargateClient": true,
}
`;
