// Jest Snapshot v1, https://goo.gl/fbAQLP

exports[`createScopedGrpcWebFactory 1`] = `
"export const createRpcFactorizzle = async ({
  endpoint
}: {
  endpoint: string;
}) => {
  endpoint = endpoint.replace(/\\/*$/g, "");
  return {
    cosmos: {
      app: {
        v1alpha1: new (await import("../cosmos/app/v1alpha1/query.rpc.Query")).Querier(endpoint)
      },
      auth: {
        v1beta1: new (await import("../cosmos/auth/v1beta1/query.rpc.Query")).Querier(endpoint)
      },
      authz: {
        v1beta1: new (await import("../cosmos/authz/v1beta1/query.rpc.Query")).Querier(endpoint)
      },
      bank: {
        v1beta1: new (await import("../cosmos/bank/v1beta1/query.rpc.Query")).Querier(endpoint)
      },
      base: {
        tendermint: {
          v1beta1: new (await import("../cosmos/base/tendermint/v1beta1/query.rpc.Service")).Querier(endpoint)
        }
      },
      tx: {
        v1beta1: new (await import("../cosmos/tx/v1beta1/service.rpc.Service")).Querier(endpoint)
      }
    },
    cosmwasm: {
      wasm: {
        v1: new (await import("./wasm/v1/query.rpc.Query")).Querier(endpoint)
      }
    }
  };
};"
`;
