// Jest Snapshot v1, https://goo.gl/fbAQLP

exports[`createScopedGrpcWebFactory 1`] = `
"export const createRpcFactorizzle = async ({
  grpcWebEndpoint
}: {
  grpcWebEndpoint: string;
}) => {
  grpcWebEndpoint = grpcWebEndpoint.replace(/\\/*$/, "\\"\\"");
  const {
    GrpcWebImpl
  } = await import("../cosmos/app/v1alpha1/query.rpc.Query");
  let grpcWeb;
  if (typeof document !== "undefined") {
    grpcWeb = new GrpcWebImpl(grpcWebEndpoint, {
      transport: grpc.CrossBrowserHttpTransport({
        withCredentials: false
      })
    });
  } else if (typeof navigator !== "undefined" && navigator.product === "ReactNative") {
    grpcWeb = new GrpcWebImpl(grpcWebEndpoint, {
      transport: NodeHttpTransport()
    });
  } else {
    grpcWeb = new GrpcWebImpl(grpcWebEndpoint, {
      transport: NodeHttpTransport()
    });
  }
  return {
    cosmos: {
      app: {
        v1alpha1: new (await import("../cosmos/app/v1alpha1/query.rpc.Query")).GrpcWebImpl(grpcWeb)
      },
      auth: {
        v1beta1: new (await import("../cosmos/auth/v1beta1/query.rpc.Query")).GrpcWebImpl(grpcWeb)
      },
      authz: {
        v1beta1: new (await import("../cosmos/authz/v1beta1/query.rpc.Query")).GrpcWebImpl(grpcWeb)
      },
      bank: {
        v1beta1: new (await import("../cosmos/bank/v1beta1/query.rpc.Query")).GrpcWebImpl(grpcWeb)
      },
      base: {
        tendermint: {
          v1beta1: new (await import("../cosmos/base/tendermint/v1beta1/query.rpc.Service")).ServiceClientImpl(grpcWeb)
        }
      },
      tx: {
        v1beta1: new (await import("../cosmos/tx/v1beta1/service.rpc.Service")).ServiceClientImpl(grpcWeb)
      }
    },
    cosmwasm: {
      wasm: {
        v1: new (await import("./wasm/v1/query.rpc.Query")).GrpcWebImpl(grpcWeb)
      }
    }
  };
};"
`;

exports[`createScopedGrpcWebMsgFactory 1`] = `
"export const createGrpcWebMsgClient = async ({
  grpcWebEndpoint
}: {
  grpcWebEndpoint: string;
}) => {
  grpcWebEndpoint = grpcWebEndpoint.replace(/\\/*$/, "\\"\\"");
  const {
    GrpcWebImpl
  } = await import("../cosmos/app/v1alpha1/query.rpc.Query");
  let grpcWeb;
  if (typeof document !== "undefined") {
    grpcWeb = new GrpcWebImpl(grpcWebEndpoint, {
      transport: grpc.CrossBrowserHttpTransport({
        withCredentials: false
      })
    });
  } else if (typeof navigator !== "undefined" && navigator.product === "ReactNative") {
    grpcWeb = new GrpcWebImpl(grpcWebEndpoint, {
      transport: NodeHttpTransport()
    });
  } else {
    grpcWeb = new GrpcWebImpl(grpcWebEndpoint, {
      transport: NodeHttpTransport()
    });
  }
  return {
    cosmos: {
      authz: {
        v1beta1: new (await import("../cosmos/authz/v1beta1/tx.rpc.msg")).MsgClientImpl(grpcWeb)
      },
      bank: {
        v1beta1: new (await import("../cosmos/bank/v1beta1/tx.rpc.msg")).MsgClientImpl(grpcWeb)
      }
    },
    osmosis: {
      gamm: {
        poolmodels: {
          balancer: {
            v1beta1: new (await import("./gamm/pool-models/balancer/tx/tx.rpc.msg")).MsgClientImpl(grpcWeb)
          },
          stableswap: {
            v1beta1: new (await import("./gamm/pool-models/stableswap/tx.rpc.msg")).MsgClientImpl(grpcWeb)
          }
        },
        v1beta1: new (await import("./gamm/v1beta1/tx.rpc.msg")).MsgClientImpl(grpcWeb)
      }
    }
  };
};"
`;
